INFO: Created TensorFlow Lite XNNPACK delegate for CPU.
Loading TFLite model from: /Users/rishabhsahay/Desktop/hola/quick_demo/model/baby_cry_int8_DEPLOY.tflite
Interpreter backend: tensorflow
Found 3 test files. Starting inference...


==================================================
File: background.wav (11.95s) - 31 windows
==================================================
  [ 0.00s]  CryP=0.05  SadP=0.85  LaughP=0.15  →  🔴 BACKGROUND
  [ 0.38s]  CryP=0.11  SadP=0.66  LaughP=0.34  →  🔴 BACKGROUND
  [ 0.75s]  CryP=0.47  SadP=0.45  LaughP=0.55  →  🔴 BACKGROUND
  [ 1.12s]  CryP=0.26  SadP=0.67  LaughP=0.33  →  🔴 BACKGROUND
  [ 1.50s]  CryP=0.95  SadP=0.47  LaughP=0.53  →  🟡 LAUGH
  [ 1.88s]  CryP=0.92  SadP=0.25  LaughP=0.75  →  🟡 LAUGH
  [ 2.25s]  CryP=0.27  SadP=0.29  LaughP=0.71  →  🔴 BACKGROUND
  [ 2.62s]  CryP=0.18  SadP=0.62  LaughP=0.38  →  🔴 BACKGROUND
  [ 3.00s]  CryP=0.12  SadP=0.85  LaughP=0.15  →  🔴 BACKGROUND
  [ 3.38s]  CryP=0.53  SadP=0.72  LaughP=0.28  →  🔴 BACKGROUND
  [ 3.75s]  CryP=0.68  SadP=0.59  LaughP=0.41  →  🔴 BACKGROUND
  [ 4.12s]  CryP=0.64  SadP=0.07  LaughP=0.93  →  🔴 BACKGROUND
  [ 4.50s]  CryP=0.80  SadP=0.11  LaughP=0.89  →  🟡 LAUGH
  [ 4.88s]  CryP=0.53  SadP=0.12  LaughP=0.88  →  🔴 BACKGROUND
  [ 5.25s]  CryP=0.49  SadP=0.19  LaughP=0.81  →  🔴 BACKGROUND
  [ 5.62s]  CryP=0.68  SadP=0.09  LaughP=0.91  →  🔴 BACKGROUND
  [ 6.00s]  CryP=0.53  SadP=0.17  LaughP=0.83  →  🔴 BACKGROUND
  [ 6.38s]  CryP=0.56  SadP=0.29  LaughP=0.71  →  🔴 BACKGROUND
  [ 6.75s]  CryP=0.05  SadP=0.71  LaughP=0.29  →  🔴 BACKGROUND
  [ 7.12s]  CryP=0.07  SadP=0.48  LaughP=0.52  →  🔴 BACKGROUND
  [ 7.50s]  CryP=0.26  SadP=0.34  LaughP=0.66  →  🔴 BACKGROUND
  [ 7.88s]  CryP=0.07  SadP=0.04  LaughP=0.96  →  🔴 BACKGROUND
  [ 8.25s]  CryP=0.04  SadP=0.01  LaughP=0.99  →  🔴 BACKGROUND
  [ 8.62s]  CryP=0.02  SadP=0.01  LaughP=0.99  →  🔴 BACKGROUND
  [ 9.00s]  CryP=0.18  SadP=0.27  LaughP=0.73  →  🔴 BACKGROUND
  [ 9.38s]  CryP=0.33  SadP=0.84  LaughP=0.16  →  🔴 BACKGROUND
  [ 9.75s]  CryP=0.73  SadP=0.29  LaughP=0.71  →  🟡 LAUGH
  [10.12s]  CryP=0.85  SadP=0.13  LaughP=0.87  →  🟡 LAUGH
  [10.50s]  CryP=0.85  SadP=0.25  LaughP=0.75  →  🟡 LAUGH
  [10.88s]  CryP=0.55  SadP=0.04  LaughP=0.96  →  🔴 BACKGROUND
  [11.25s]  CryP=0.44  SadP=0.45  LaughP=0.55  →  🔴 BACKGROUND

==================================================
File: laugh.wav (31.83s) - 84 windows
==================================================
  [ 0.00s]  CryP=0.30  SadP=0.73  LaughP=0.27  →  🔴 BACKGROUND
  [ 0.38s]  CryP=0.51  SadP=0.24  LaughP=0.76  →  🔴 BACKGROUND
  [ 0.75s]  CryP=0.62  SadP=0.15  LaughP=0.85  →  🔴 BACKGROUND
  [ 1.12s]  CryP=0.73  SadP=0.12  LaughP=0.88  →  🟡 LAUGH
  [ 1.50s]  CryP=0.65  SadP=0.21  LaughP=0.79  →  🔴 BACKGROUND
  [ 1.88s]  CryP=0.70  SadP=0.25  LaughP=0.75  →  🔴 BACKGROUND
  [ 2.25s]  CryP=0.68  SadP=0.18  LaughP=0.82  →  🔴 BACKGROUND
  [ 2.62s]  CryP=0.73  SadP=0.12  LaughP=0.88  →  🟡 LAUGH
  [ 3.00s]  CryP=0.78  SadP=0.36  LaughP=0.64  →  🟡 LAUGH
  [ 3.38s]  CryP=0.62  SadP=0.15  LaughP=0.85  →  🔴 BACKGROUND
  [ 3.75s]  CryP=0.65  SadP=0.43  LaughP=0.57  →  🔴 BACKGROUND
  [ 4.12s]  CryP=1.00  SadP=0.16  LaughP=0.84  →  🟡 LAUGH
  [ 4.50s]  CryP=1.00  SadP=0.08  LaughP=0.92  →  🟡 LAUGH
  [ 4.88s]  CryP=0.99  SadP=0.08  LaughP=0.92  →  🟡 LAUGH
  [ 5.25s]  CryP=0.90  SadP=0.79  LaughP=0.21  →  🔵 SAD
  [ 5.62s]  CryP=0.94  SadP=0.80  LaughP=0.20  →  🔵 SAD
  [ 6.00s]  CryP=0.80  SadP=0.18  LaughP=0.82  →  🟡 LAUGH
  [ 6.38s]  CryP=1.00  SadP=0.03  LaughP=0.97  →  🟡 LAUGH
  [ 6.75s]  CryP=1.00  SadP=0.09  LaughP=0.91  →  🟡 LAUGH
  [ 7.12s]  CryP=0.99  SadP=0.28  LaughP=0.72  →  🟡 LAUGH
  [ 7.50s]  CryP=0.99  SadP=0.07  LaughP=0.93  →  🟡 LAUGH
  [ 7.88s]  CryP=1.00  SadP=0.07  LaughP=0.93  →  🟡 LAUGH
  [ 8.25s]  CryP=0.87  SadP=0.38  LaughP=0.62  →  🟡 LAUGH
  [ 8.62s]  CryP=0.89  SadP=0.47  LaughP=0.53  →  🟡 LAUGH
  [ 9.00s]  CryP=0.91  SadP=0.25  LaughP=0.75  →  🟡 LAUGH
  [ 9.38s]  CryP=0.64  SadP=0.55  LaughP=0.45  →  🔴 BACKGROUND
  [ 9.75s]  CryP=0.58  SadP=0.55  LaughP=0.45  →  🔴 BACKGROUND
  [10.12s]  CryP=0.88  SadP=0.20  LaughP=0.80  →  🟡 LAUGH
  [10.50s]  CryP=1.00  SadP=0.12  LaughP=0.88  →  🟡 LAUGH
  [10.88s]  CryP=1.00  SadP=0.33  LaughP=0.67  →  🟡 LAUGH
  [11.25s]  CryP=0.98  SadP=0.11  LaughP=0.89  →  🟡 LAUGH
  [11.62s]  CryP=0.92  SadP=0.61  LaughP=0.39  →  🔵 SAD
  [12.00s]  CryP=0.98  SadP=0.15  LaughP=0.85  →  🟡 LAUGH
  [12.38s]  CryP=1.00  SadP=0.24  LaughP=0.76  →  🟡 LAUGH
  [12.75s]  CryP=0.96  SadP=0.14  LaughP=0.86  →  🟡 LAUGH
  [13.12s]  CryP=0.98  SadP=0.04  LaughP=0.96  →  🟡 LAUGH
  [13.50s]  CryP=0.98  SadP=0.03  LaughP=0.97  →  🟡 LAUGH
  [13.88s]  CryP=0.99  SadP=0.04  LaughP=0.96  →  🟡 LAUGH
  [14.25s]  CryP=0.91  SadP=0.34  LaughP=0.66  →  🟡 LAUGH
  [14.62s]  CryP=1.00  SadP=0.27  LaughP=0.73  →  🟡 LAUGH
  [15.00s]  CryP=0.99  SadP=0.22  LaughP=0.78  →  🟡 LAUGH
  [15.38s]  CryP=0.94  SadP=0.29  LaughP=0.71  →  🟡 LAUGH
  [15.75s]  CryP=0.95  SadP=0.59  LaughP=0.41  →  🔵 SAD
  [16.12s]  CryP=1.00  SadP=0.21  LaughP=0.79  →  🟡 LAUGH
  [16.50s]  CryP=1.00  SadP=0.27  LaughP=0.73  →  🟡 LAUGH
  [16.88s]  CryP=0.88  SadP=0.04  LaughP=0.96  →  🟡 LAUGH
  [17.25s]  CryP=0.98  SadP=0.04  LaughP=0.96  →  🟡 LAUGH
  [17.62s]  CryP=0.99  SadP=0.03  LaughP=0.97  →  🟡 LAUGH
  [18.00s]  CryP=0.97  SadP=0.80  LaughP=0.20  →  🔵 SAD
  [18.38s]  CryP=0.97  SadP=0.71  LaughP=0.29  →  🔵 SAD
  [18.75s]  CryP=0.93  SadP=0.50  LaughP=0.50  →  🔵 SAD
  [19.12s]  CryP=0.80  SadP=0.12  LaughP=0.88  →  🟡 LAUGH
  [19.50s]  CryP=0.82  SadP=0.45  LaughP=0.55  →  🟡 LAUGH
  [19.88s]  CryP=0.98  SadP=0.09  LaughP=0.91  →  🟡 LAUGH
  [20.25s]  CryP=1.00  SadP=0.18  LaughP=0.82  →  🟡 LAUGH
  [20.62s]  CryP=0.98  SadP=0.22  LaughP=0.78  →  🟡 LAUGH
  [21.00s]  CryP=0.98  SadP=0.04  LaughP=0.96  →  🟡 LAUGH
  [21.38s]  CryP=0.98  SadP=0.03  LaughP=0.97  →  🟡 LAUGH
  [21.75s]  CryP=0.98  SadP=0.06  LaughP=0.94  →  🟡 LAUGH
  [22.12s]  CryP=0.96  SadP=0.66  LaughP=0.34  →  🔵 SAD
  [22.50s]  CryP=0.91  SadP=0.43  LaughP=0.57  →  🟡 LAUGH
  [22.88s]  CryP=0.86  SadP=0.27  LaughP=0.73  →  🟡 LAUGH
  [23.25s]  CryP=0.99  SadP=0.03  LaughP=0.97  →  🟡 LAUGH
  [23.62s]  CryP=1.00  SadP=0.07  LaughP=0.93  →  🟡 LAUGH
  [24.00s]  CryP=1.00  SadP=0.18  LaughP=0.82  →  🟡 LAUGH
  [24.38s]  CryP=0.99  SadP=0.12  LaughP=0.88  →  🟡 LAUGH
  [24.75s]  CryP=0.97  SadP=0.09  LaughP=0.91  →  🟡 LAUGH
  [25.12s]  CryP=0.99  SadP=0.05  LaughP=0.95  →  🟡 LAUGH
  [25.50s]  CryP=1.00  SadP=0.05  LaughP=0.95  →  🟡 LAUGH
  [25.88s]  CryP=0.99  SadP=0.09  LaughP=0.91  →  🟡 LAUGH
  [26.25s]  CryP=0.95  SadP=0.61  LaughP=0.39  →  🔵 SAD
  [26.62s]  CryP=0.95  SadP=0.50  LaughP=0.50  →  🔵 SAD
  [27.00s]  CryP=0.88  SadP=0.13  LaughP=0.87  →  🟡 LAUGH
  [27.38s]  CryP=1.00  SadP=0.02  LaughP=0.98  →  🟡 LAUGH
  [27.75s]  CryP=1.00  SadP=0.06  LaughP=0.94  →  🟡 LAUGH
  [28.12s]  CryP=0.98  SadP=0.20  LaughP=0.80  →  🟡 LAUGH
  [28.50s]  CryP=1.00  SadP=0.10  LaughP=0.90  →  🟡 LAUGH
  [28.88s]  CryP=0.99  SadP=0.08  LaughP=0.92  →  🟡 LAUGH
  [29.25s]  CryP=0.89  SadP=0.17  LaughP=0.83  →  🟡 LAUGH
  [29.62s]  CryP=0.84  SadP=0.18  LaughP=0.82  →  🟡 LAUGH
  [30.00s]  CryP=0.93  SadP=0.34  LaughP=0.66  →  🟡 LAUGH
  [30.38s]  CryP=0.78  SadP=0.21  LaughP=0.79  →  🟡 LAUGH
  [30.75s]  CryP=0.47  SadP=0.18  LaughP=0.82  →  🔴 BACKGROUND
  [31.12s]  CryP=0.47  SadP=0.59  LaughP=0.41  →  🔴 BACKGROUND

==================================================
File: sad.wav (34.97s) - 92 windows
==================================================
  [ 0.00s]  CryP=0.22  SadP=0.67  LaughP=0.33  →  🔴 BACKGROUND
  [ 0.38s]  CryP=0.64  SadP=0.18  LaughP=0.82  →  🔴 BACKGROUND
  [ 0.75s]  CryP=0.75  SadP=0.52  LaughP=0.48  →  🔵 SAD
  [ 1.12s]  CryP=0.94  SadP=0.92  LaughP=0.08  →  🔵 SAD
  [ 1.50s]  CryP=1.00  SadP=1.00  LaughP=0.00  →  🔵 SAD
  [ 1.88s]  CryP=1.00  SadP=1.00  LaughP=0.00  →  🔵 SAD
  [ 2.25s]  CryP=1.00  SadP=1.00  LaughP=0.00  →  🔵 SAD
  [ 2.62s]  CryP=1.00  SadP=1.00  LaughP=0.00  →  🔵 SAD
  [ 3.00s]  CryP=1.00  SadP=0.94  LaughP=0.06  →  🔵 SAD
  [ 3.38s]  CryP=1.00  SadP=1.00  LaughP=0.00  →  🔵 SAD
  [ 3.75s]  CryP=0.99  SadP=1.00  LaughP=0.00  →  🔵 SAD
  [ 4.12s]  CryP=0.97  SadP=1.00  LaughP=0.00  →  🔵 SAD
  [ 4.50s]  CryP=0.95  SadP=1.00  LaughP=0.00  →  🔵 SAD
  [ 4.88s]  CryP=0.99  SadP=1.00  LaughP=0.00  →  🔵 SAD
  [ 5.25s]  CryP=1.00  SadP=1.00  LaughP=0.00  →  🔵 SAD
  [ 5.62s]  CryP=0.99  SadP=0.98  LaughP=0.02  →  🔵 SAD
  [ 6.00s]  CryP=0.96  SadP=0.24  LaughP=0.76  →  🟡 LAUGH
  [ 6.38s]  CryP=0.87  SadP=0.61  LaughP=0.39  →  🔵 SAD
  [ 6.75s]  CryP=0.99  SadP=0.28  LaughP=0.72  →  🟡 LAUGH
  [ 7.12s]  CryP=1.00  SadP=0.62  LaughP=0.38  →  🔵 SAD
  [ 7.50s]  CryP=1.00  SadP=0.78  LaughP=0.22  →  🔵 SAD
  [ 7.88s]  CryP=1.00  SadP=0.81  LaughP=0.19  →  🔵 SAD
  [ 8.25s]  CryP=0.98  SadP=0.59  LaughP=0.41  →  🔵 SAD
  [ 8.62s]  CryP=0.99  SadP=1.00  LaughP=0.00  →  🔵 SAD
  [ 9.00s]  CryP=1.00  SadP=1.00  LaughP=0.00  →  🔵 SAD
  [ 9.38s]  CryP=1.00  SadP=1.00  LaughP=0.00  →  🔵 SAD
  [ 9.75s]  CryP=1.00  SadP=1.00  LaughP=0.00  →  🔵 SAD
  [10.12s]  CryP=1.00  SadP=1.00  LaughP=0.00  →  🔵 SAD
  [10.50s]  CryP=0.99  SadP=0.97  LaughP=0.03  →  🔵 SAD
  [10.88s]  CryP=0.94  SadP=0.84  LaughP=0.16  →  🔵 SAD
  [11.25s]  CryP=1.00  SadP=0.66  LaughP=0.34  →  🔵 SAD
  [11.62s]  CryP=1.00  SadP=1.00  LaughP=0.00  →  🔵 SAD
  [12.00s]  CryP=1.00  SadP=1.00  LaughP=0.00  →  🔵 SAD
  [12.38s]  CryP=1.00  SadP=1.00  LaughP=0.00  →  🔵 SAD
  [12.75s]  CryP=1.00  SadP=1.00  LaughP=0.00  →  🔵 SAD
  [13.12s]  CryP=1.00  SadP=0.98  LaughP=0.02  →  🔵 SAD
  [13.50s]  CryP=1.00  SadP=1.00  LaughP=0.00  →  🔵 SAD
  [13.88s]  CryP=1.00  SadP=1.00  LaughP=0.00  →  🔵 SAD
  [14.25s]  CryP=1.00  SadP=0.98  LaughP=0.02  →  🔵 SAD
  [14.62s]  CryP=0.87  SadP=0.89  LaughP=0.11  →  🔵 SAD
  [15.00s]  CryP=0.91  SadP=0.57  LaughP=0.43  →  🔵 SAD
  [15.38s]  CryP=0.99  SadP=0.81  LaughP=0.19  →  🔵 SAD
  [15.75s]  CryP=1.00  SadP=1.00  LaughP=0.00  →  🔵 SAD
  [16.12s]  CryP=1.00  SadP=1.00  LaughP=0.00  →  🔵 SAD
  [16.50s]  CryP=1.00  SadP=1.00  LaughP=0.00  →  🔵 SAD
  [16.88s]  CryP=0.86  SadP=0.43  LaughP=0.57  →  🟡 LAUGH
  [17.25s]  CryP=0.82  SadP=0.25  LaughP=0.75  →  🟡 LAUGH
  [17.62s]  CryP=0.98  SadP=0.50  LaughP=0.50  →  🔵 SAD
  [18.00s]  CryP=0.99  SadP=0.57  LaughP=0.43  →  🔵 SAD
  [18.38s]  CryP=0.78  SadP=0.19  LaughP=0.81  →  🟡 LAUGH
  [18.75s]  CryP=0.96  SadP=0.71  LaughP=0.29  →  🔵 SAD
  [19.12s]  CryP=1.00  SadP=0.96  LaughP=0.04  →  🔵 SAD
  [19.50s]  CryP=1.00  SadP=0.95  LaughP=0.05  →  🔵 SAD
  [19.88s]  CryP=1.00  SadP=0.76  LaughP=0.24  →  🔵 SAD
  [20.25s]  CryP=1.00  SadP=1.00  LaughP=0.00  →  🔵 SAD
  [20.62s]  CryP=1.00  SadP=1.00  LaughP=0.00  →  🔵 SAD
  [21.00s]  CryP=0.99  SadP=0.15  LaughP=0.85  →  🟡 LAUGH
  [21.38s]  CryP=0.98  SadP=0.10  LaughP=0.90  →  🟡 LAUGH
  [21.75s]  CryP=0.53  SadP=0.31  LaughP=0.69  →  🔴 BACKGROUND
  [22.12s]  CryP=0.45  SadP=0.39  LaughP=0.61  →  🔴 BACKGROUND
  [22.50s]  CryP=0.42  SadP=0.43  LaughP=0.57  →  🔴 BACKGROUND
  [22.88s]  CryP=0.26  SadP=0.24  LaughP=0.76  →  🔴 BACKGROUND
  [23.25s]  CryP=0.23  SadP=0.18  LaughP=0.82  →  🔴 BACKGROUND
  [23.62s]  CryP=0.99  SadP=0.19  LaughP=0.81  →  🟡 LAUGH
  [24.00s]  CryP=1.00  SadP=0.34  LaughP=0.66  →  🟡 LAUGH
  [24.38s]  CryP=0.77  SadP=0.62  LaughP=0.38  →  🔵 SAD
  [24.75s]  CryP=0.20  SadP=0.27  LaughP=0.73  →  🔴 BACKGROUND
  [25.12s]  CryP=0.14  SadP=0.18  LaughP=0.82  →  🔴 BACKGROUND
  [25.50s]  CryP=0.24  SadP=0.17  LaughP=0.83  →  🔴 BACKGROUND
  [25.88s]  CryP=0.35  SadP=0.29  LaughP=0.71  →  🔴 BACKGROUND
  [26.25s]  CryP=0.95  SadP=0.33  LaughP=0.67  →  🟡 LAUGH
  [26.62s]  CryP=0.98  SadP=0.34  LaughP=0.66  →  🟡 LAUGH
  [27.00s]  CryP=0.98  SadP=0.92  LaughP=0.08  →  🔵 SAD
  [27.38s]  CryP=1.00  SadP=1.00  LaughP=0.00  →  🔵 SAD
  [27.75s]  CryP=1.00  SadP=1.00  LaughP=0.00  →  🔵 SAD
  [28.12s]  CryP=1.00  SadP=0.99  LaughP=0.01  →  🔵 SAD
  [28.50s]  CryP=0.93  SadP=0.69  LaughP=0.31  →  🔵 SAD
  [28.88s]  CryP=0.91  SadP=0.82  LaughP=0.18  →  🔵 SAD
  [29.25s]  CryP=0.78  SadP=0.55  LaughP=0.45  →  🔵 SAD
  [29.62s]  CryP=0.99  SadP=0.29  LaughP=0.71  →  🟡 LAUGH
  [30.00s]  CryP=1.00  SadP=0.98  LaughP=0.02  →  🔵 SAD
  [30.38s]  CryP=1.00  SadP=1.00  LaughP=0.00  →  🔵 SAD
  [30.75s]  CryP=1.00  SadP=1.00  LaughP=0.00  →  🔵 SAD
  [31.12s]  CryP=1.00  SadP=1.00  LaughP=0.00  →  🔵 SAD
  [31.50s]  CryP=1.00  SadP=0.99  LaughP=0.01  →  🔵 SAD
  [31.88s]  CryP=0.99  SadP=1.00  LaughP=0.00  →  🔵 SAD
  [32.25s]  CryP=1.00  SadP=1.00  LaughP=0.00  →  🔵 SAD
  [32.62s]  CryP=0.99  SadP=1.00  LaughP=0.00  →  🔵 SAD
  [33.00s]  CryP=0.99  SadP=0.96  LaughP=0.04  →  🔵 SAD
  [33.38s]  CryP=1.00  SadP=1.00  LaughP=0.00  →  🔵 SAD
  [33.75s]  CryP=1.00  SadP=1.00  LaughP=0.00  →  🔵 SAD
  [34.12s]  CryP=0.97  SadP=0.81  LaughP=0.19  →  🔵 SAD
